Microsoft Windows [Version 10.0.22621.1105]
(c) Microsoft Corporation. All rights reserved.

C:\Users\DELL>d:

D:\>cd D:\AI_DS\MLops

D:\AI_DS\MLops>git init -b main
warning: re-init: ignored --initial-branch=main
Reinitialized existing Git repository in D:/AI_DS/MLops/.git/

D:\AI_DS\MLops>cat README.md
'cat' is not recognized as an internal or external command,
operable program or batch file.

D:\AI_DS\MLops>type README.md
The system cannot find the file specified.

D:\AI_DS\MLops>type README.txt

D:\AI_DS\MLops>git status
On branch main

No commits yet

Untracked files:
  (use "git add <file>..." to include in what will be committed)
        README.txt

nothing added to commit but untracked files present (use "git add" to track)

D:\AI_DS\MLops>git add .

D:\AI_DS\MLops>git status
On branch main

No commits yet

Changes to be committed:
  (use "git rm --cached <file>..." to unstage)
        new file:   README.txt


D:\AI_DS\MLops>git commit -m "First commit"
Author identity unknown

*** Please tell me who you are.

Run

  git config --global user.email "you@example.com"
  git config --global user.name "Your Name"

to set your account's default identity.
Omit --global to set the identity only in this repository.

fatal: unable to auto-detect email address (got 'DELL@DESKTOP-ANA4V14.(none)')

D:\AI_DS\MLops>git config --global user.name "anupriyadhiman"

D:\AI_DS\MLops>git config --global user.email "anupriyadhiman0605@gmail.com"

D:\AI_DS\MLops>git commit -m "First commit"
[main (root-commit) b6e7da5] First commit
 1 file changed, 0 insertions(+), 0 deletions(-)
 create mode 100644 README.txt

D:\AI_DS\MLops>git push origin main
fatal: 'origin' does not appear to be a git repository
fatal: Could not read from remote repository.

Please make sure you have the correct access rights
and the repository exists.

D:\AI_DS\MLops>git remote add origin https://github.com/anupriyadhiman/MLops.git

D:\AI_DS\MLops>git remote -v
origin  https://github.com/anupriyadhiman/MLops.git (fetch)
origin  https://github.com/anupriyadhiman/MLops.git (push)

D:\AI_DS\MLops>git push -u origin main
info: please complete authentication in your browser...
Enumerating objects: 3, done.
Counting objects: 100% (3/3), done.
Writing objects: 100% (3/3), 216 bytes | 216.00 KiB/s, done.
Total 3 (delta 0), reused 0 (delta 0), pack-reused 0
To https://github.com/anupriyadhiman/MLops.git
 * [new branch]      main -> main
branch 'main' set up to track 'origin/main'.